2025-10-30 18:50:59 - Blade Error: Template not found: D:\OSPanel\domains\vi-prod\app\blade\views/components.shippableUnitsNew.cart.cartShippableUnits in D:\OSPanel\domains\vi-prod\vendor\eftec\bladeone\lib\BladeOne.php:1433
2025-10-31 08:56:34 - Blade Error: syntax error, unexpected string content "options; ?>", expecting "]" in D:\OSPanel\domains\vi-prod\storage\framework\caches\blade\admin.components.select.select_66ecac3fe809210828da991659f3653b986572a6.bladec:16
2025-10-31 16:30:02 - Blade Error: syntax error, unexpected string content "options; ?>", expecting "]" in D:\OSPanel\domains\vi-prod\storage\framework\caches\blade\admin.components.select.select_66ecac3fe809210828da991659f3653b986572a6.bladec:16
2025-10-31 16:34:16 - Blade Error: syntax error, unexpected string content "options; ?>", expecting "]" in D:\OSPanel\domains\vi-prod\storage\framework\caches\blade\admin.components.select.select_66ecac3fe809210828da991659f3653b986572a6.bladec:16
2025-11-01 13:55:31 - Blade Error: BladeOne Error [call] function getEditButton is not defined<br> in D:\OSPanel\domains\vi-prod\vendor\eftec\bladeone\lib\BladeOne.php:465
2025-11-01 13:56:09 - Blade Error: BladeOne Error [call] function getEditButton is not defined<br> in D:\OSPanel\domains\vi-prod\vendor\eftec\bladeone\lib\BladeOne.php:465
2025-11-01 13:57:37 - Blade Error: BladeOne Error [call] function getEmpty is not defined<br> in D:\OSPanel\domains\vi-prod\vendor\eftec\bladeone\lib\BladeOne.php:465
2025-11-01 14:03:42 - Blade Error: BladeOne Error [call] function getEmpty is not defined<br> in D:\OSPanel\domains\vi-prod\vendor\eftec\bladeone\lib\BladeOne.php:465
2025-11-01 14:04:14 - Blade Error: Call to undefined method app\view\components\Builders\TableBuilder\ColumnBuilder::getEmpty() in D:\OSPanel\domains\vi-prod\storage\framework\caches\blade\admin.components.table.tableStandAlone_c6b82a552de486623f4b27764825a49d036df2f3.bladec:52
2025-11-01 14:05:07 - Blade Error: Call to undefined method app\view\components\Builders\TableBuilder\ColumnBuilder::getEmpty() in D:\OSPanel\domains\vi-prod\storage\framework\caches\blade\admin.components.table.tableStandAlone_c6b82a552de486623f4b27764825a49d036df2f3.bladec:52
2025-11-01 14:05:42 - Blade Error: Too few arguments to function app\view\components\Builders\TableBuilder\ColumnBuilder::emptyRow(), 0 passed in D:\OSPanel\domains\vi-prod\storage\framework\caches\blade\admin.components.table.tableStandAlone_c6b82a552de486623f4b27764825a49d036df2f3.bladec on line 52 and exactly 1 expected in D:\OSPanel\domains\vi-prod\app\view\components\Builders\TableBuilder\ColumnBuilder.php:58
2025-11-01 14:07:12 - Blade Error: Too few arguments to function app\view\components\Builders\TableBuilder\ColumnBuilder::emptyRow(), 0 passed in D:\OSPanel\domains\vi-prod\storage\framework\caches\blade\admin.components.table.tableStandAlone_c6b82a552de486623f4b27764825a49d036df2f3.bladec on line 52 and exactly 1 expected in D:\OSPanel\domains\vi-prod\app\view\components\Builders\TableBuilder\ColumnBuilder.php:58
2025-11-01 14:08:01 - Blade Error: Too few arguments to function app\view\components\Builders\TableBuilder\ColumnBuilder::emptyRow(), 0 passed in D:\OSPanel\domains\vi-prod\storage\framework\caches\blade\admin.components.table.tableStandAlone_c6b82a552de486623f4b27764825a49d036df2f3.bladec on line 52 and exactly 1 expected in D:\OSPanel\domains\vi-prod\app\view\components\Builders\TableBuilder\ColumnBuilder.php:58
2025-11-01 14:09:58 - Blade Error: Call to undefined method app\view\components\Builders\TableBuilder\ColumnBuilder::getEditButton() in D:\OSPanel\domains\vi-prod\storage\framework\caches\blade\admin.components.table.tableStandAlone_c6b82a552de486623f4b27764825a49d036df2f3.bladec:57
2025-11-01 14:10:25 - Blade Error: Call to undefined method app\view\components\Builders\TableBuilder\ColumnBuilder::getEditButton() in D:\OSPanel\domains\vi-prod\storage\framework\caches\blade\admin.components.table.tableStandAlone_c6b82a552de486623f4b27764825a49d036df2f3.bladec:57
2025-11-01 15:20:12 - Blade Error: BladeOne Error [call] function getEditButton is not defined<br> in D:\OSPanel\domains\vi-prod\vendor\eftec\bladeone\lib\BladeOne.php:465
2025-11-01 18:01:09 - Blade Error: Call to undefined method app\view\components\Builders\TableBuilder\ColumnBuilder::callCallback() in D:\OSPanel\domains\vi-prod\app\view\components\Builders\TableBuilder\ColumnBuilder.php:184
2025-11-02 11:50:16 - Blade Error: Template not found: D:\OSPanel\domains\vi-prod\app\blade\views/admin.components.table.tableRow in D:\OSPanel\domains\vi-prod\vendor\eftec\bladeone\lib\BladeOne.php:1433
2025-11-02 11:50:22 - Blade Error: Template not found: D:\OSPanel\domains\vi-prod\app\blade\views/admin.components.table.emptyRow in D:\OSPanel\domains\vi-prod\vendor\eftec\bladeone\lib\BladeOne.php:1433
2025-11-02 11:50:22 - Blade Error: Template not found: D:\OSPanel\domains\vi-prod\app\blade\views/admin.components.table.emptyRow in D:\OSPanel\domains\vi-prod\vendor\eftec\bladeone\lib\BladeOne.php:1433
2025-11-02 11:50:22 - Blade Error: Template not found: D:\OSPanel\domains\vi-prod\app\blade\views/admin.components.table.emptyRow in D:\OSPanel\domains\vi-prod\vendor\eftec\bladeone\lib\BladeOne.php:1433
2025-11-02 11:50:54 - Blade Error: Template not found: D:\OSPanel\domains\vi-prod\app\blade\views/admin.components.table.tableRow in D:\OSPanel\domains\vi-prod\vendor\eftec\bladeone\lib\BladeOne.php:1433
2025-11-02 11:50:59 - Blade Error: Template not found: D:\OSPanel\domains\vi-prod\app\blade\views/admin.components.table.emptyRow in D:\OSPanel\domains\vi-prod\vendor\eftec\bladeone\lib\BladeOne.php:1433
2025-11-02 11:50:59 - Blade Error: Template not found: D:\OSPanel\domains\vi-prod\app\blade\views/admin.components.table.emptyRow in D:\OSPanel\domains\vi-prod\vendor\eftec\bladeone\lib\BladeOne.php:1433
2025-11-02 11:50:59 - Blade Error: Template not found: D:\OSPanel\domains\vi-prod\app\blade\views/admin.components.table.emptyRow in D:\OSPanel\domains\vi-prod\vendor\eftec\bladeone\lib\BladeOne.php:1433
2025-11-14 23:17:34 - Blade Error: Template not found: D:\OSPanel\domains\vi-prod\app\blade\views/components.shippableUnitsNew.category.shippableUnits in D:\OSPanel\domains\vi-prod\vendor\eftec\bladeone\lib\BladeOne.php:1433
2025-11-16 20:16:26 - Blade Error: Class "Auth" not found in D:\OSPanel\domains\vi-prod\storage\framework\caches\blade\cart.cartProroducts_483645d40019c43ac0a62aebfca69e47f0e5e794.bladec:58
2025-11-16 20:16:27 - Blade Error: Class "Auth" not found in D:\OSPanel\domains\vi-prod\storage\framework\caches\blade\cart.cartProroducts_483645d40019c43ac0a62aebfca69e47f0e5e794.bladec:58
2025-11-16 22:36:20 - Blade Error: Template not found: D:\OSPanel\domains\vi-prod\app\blade\views/cartSubSum in D:\OSPanel\domains\vi-prod\vendor\eftec\bladeone\lib\BladeOne.php:1433
2025-11-16 22:36:25 - Blade Error: Template not found: D:\OSPanel\domains\vi-prod\app\blade\views/cartSubSum in D:\OSPanel\domains\vi-prod\vendor\eftec\bladeone\lib\BladeOne.php:1433
2025-11-17 08:03:56 - Blade Error: Template not found: D:\OSPanel\domains\vi-prod\app\blade\views/cart.cartProroducts in D:\OSPanel\domains\vi-prod\vendor\eftec\bladeone\lib\BladeOne.php:1433
2025-11-23 11:43:49 - Blade Error: Template not found: D:\OSPanel\domains\vi-prod\app\blade\views/auth.change-password in D:\OSPanel\domains\vi-prod\vendor\eftec\bladeone\lib\BladeOne.php:1433
2025-11-24 10:16:46 - Blade Error: Template not found: D:\OSPanel\domains\vi-prod\app\blade\views/admin.components.tableStandAlone in D:\OSPanel\domains\vi-prod\vendor\eftec\bladeone\lib\BladeOne.php:1433
2025-11-24 11:42:18 - Blade Error: Template not found: D:\OSPanel\domains\vi-prod\app\blade\views/admin.components.tableStandAlone in D:\OSPanel\domains\vi-prod\vendor\eftec\bladeone\lib\BladeOne.php:1433
2025-11-24 11:42:19 - Blade Error: Template not found: D:\OSPanel\domains\vi-prod\app\blade\views/admin.components.tableStandAlone in D:\OSPanel\domains\vi-prod\vendor\eftec\bladeone\lib\BladeOne.php:1433
2025-11-24 12:12:27 - Blade Error: Template not found: D:\OSPanel\domains\vi-prod\app\blade\views/admin.admin in D:\OSPanel\domains\vi-prod\vendor\eftec\bladeone\lib\BladeOne.php:1433
2025-12-23 19:04:58 - Blade Error: SQLSTATE[23000]: Integrity constraint violation: 1052 Column 'id' in field list is ambiguous (SQL: select `id`, `order_product`.`order_id` as `pivot_order_id`, `order_product`.`product_id` as `pivot_product_id` from `products` inner join `order_product` on `products`.`1s_id` = `order_product`.`product_id` where `order_product`.`order_id` in (77) and exists (select * from `orderitems` inner join `order_product` on `order_product`.`id` = `orderitems`.`order_product_id` where `products`.`1s_id` = `order_product`.`product_id` and `orderitems`.`deleted_at` is null and `order_product`.`deleted_at` is null) and `products`.`deleted_at` is null) in D:\OSPanel\domains\vi-prod\vendor\illuminate\database\Connection.php:712
2025-12-23 19:05:23 - Blade Error: Circular dependency detected while trying to resolve entry 'orderItemsCount': Dependencies: orderItemsCount -> orderItemsCount in D:\OSPanel\domains\vi-prod\vendor\php-di\php-di\src\CompiledContainer.php:50
2025-12-23 19:06:08 - Blade Error: Circular dependency detected while trying to resolve entry 'orderItemsCount': Dependencies: orderItemsCount -> orderItemsCount in D:\OSPanel\domains\vi-prod\vendor\php-di\php-di\src\CompiledContainer.php:50
2025-12-23 19:07:32 - Blade Error: Call to a member function getRelationExistenceQuery() on array in D:\OSPanel\domains\vi-prod\vendor\illuminate\database\Eloquent\Concerns\QueriesRelationships.php:51
2025-12-23 19:07:39 - Blade Error: Call to a member function getRelationExistenceQuery() on array in D:\OSPanel\domains\vi-prod\vendor\illuminate\database\Eloquent\Concerns\QueriesRelationships.php:51
2025-12-23 19:07:48 - Blade Error: Call to a member function getRelationExistenceQuery() on array in D:\OSPanel\domains\vi-prod\vendor\illuminate\database\Eloquent\Concerns\QueriesRelationships.php:51
2025-12-23 19:08:14 - Blade Error: Call to a member function getRelationExistenceQuery() on array in D:\OSPanel\domains\vi-prod\vendor\illuminate\database\Eloquent\Concerns\QueriesRelationships.php:51
2025-12-23 19:08:34 - Blade Error: Circular dependency detected while trying to resolve entry 'orderItemsCount': Dependencies: orderItemsCount -> orderItemsCount in D:\OSPanel\domains\vi-prod\vendor\php-di\php-di\src\CompiledContainer.php:50
2025-12-23 19:11:13 - Blade Error: SQLSTATE[42S22]: Column not found: 1054 Unknown column 'products.1s_id' in 'field list' (SQL: select `id`, `products`.`1s_id`, `products`.`id` from `orders` where `user_id` = 173 and `submitted` is null limit 1) in D:\OSPanel\domains\vi-prod\vendor\illuminate\database\Connection.php:712
2025-12-23 19:11:19 - Blade Error: SQLSTATE[42S22]: Column not found: 1054 Unknown column 'products.1s_id' in 'field list' (SQL: select `id`, `products`.`1s_id`, `products`.`id` from `orders` where `user_id` = 173 and `submitted` is null limit 1) in D:\OSPanel\domains\vi-prod\vendor\illuminate\database\Connection.php:712
2025-12-23 19:11:24 - Blade Error: SQLSTATE[42S22]: Column not found: 1054 Unknown column 'products.1s_id' in 'field list' (SQL: select `id`, `products`.`1s_id`, `products`.`id` from `orders` where `user_id` = 173 and `submitted` is null limit 1) in D:\OSPanel\domains\vi-prod\vendor\illuminate\database\Connection.php:712
2025-12-23 19:11:31 - Blade Error: SQLSTATE[42S22]: Column not found: 1054 Unknown column 'products.1s_id' in 'field list' (SQL: select `id`, `products`.`1s_id`, `products`.`id` from `orders` where `user_id` = 173 and `submitted` is null limit 1) in D:\OSPanel\domains\vi-prod\vendor\illuminate\database\Connection.php:712
2025-12-23 19:12:33 - Blade Error: Call to undefined method app\model\OrderItem::orderItems() in D:\OSPanel\domains\vi-prod\vendor\illuminate\support\Traits\ForwardsCalls.php:71
2025-12-23 19:31:30 - Blade Error: Call to undefined method app\model\OrderItem::unit() in D:\OSPanel\domains\vi-prod\vendor\illuminate\support\Traits\ForwardsCalls.php:71
2025-12-23 19:35:17 - Blade Error: Circular dependency detected while trying to resolve entry 'orderItemsCount': Dependencies: orderItemsCount -> orderItemsCount in D:\OSPanel\domains\vi-prod\vendor\php-di\php-di\src\CompiledContainer.php:50
2025-12-23 19:39:09 - Blade Error: Circular dependency detected while trying to resolve entry 'orderItemsCount': Dependencies: orderItemsCount -> orderItemsCount in D:\OSPanel\domains\vi-prod\vendor\php-di\php-di\src\CompiledContainer.php:50
2025-12-23 19:39:51 - Blade Error: Circular dependency detected while trying to resolve entry 'orderItemsCount': Dependencies: orderItemsCount -> orderItemsCount in D:\OSPanel\domains\vi-prod\vendor\php-di\php-di\src\CompiledContainer.php:50
2025-12-23 19:42:18 - Blade Error: Call to undefined method Illuminate\Database\Eloquent\Relations\BelongsToMany::withoutPivot() in D:\OSPanel\domains\vi-prod\vendor\illuminate\support\Traits\ForwardsCalls.php:71
2025-12-23 19:42:51 - Blade Error: Call to undefined method Illuminate\Database\Eloquent\Builder::withoutPivot() in D:\OSPanel\domains\vi-prod\vendor\illuminate\support\Traits\ForwardsCalls.php:71
2025-12-23 20:03:18 - Blade Error: Call to undefined method Illuminate\Database\Eloquent\Relations\BelongsToMany::withoutPivot() in D:\OSPanel\domains\vi-prod\vendor\illuminate\support\Traits\ForwardsCalls.php:71
2025-12-23 20:24:34 - Blade Error: Call to undefined method Illuminate\Database\Eloquent\Relations\BelongsToMany::withoutAppends() in D:\OSPanel\domains\vi-prod\vendor\illuminate\support\Traits\ForwardsCalls.php:71
2025-12-23 20:28:25 - Blade Error: Call to undefined method Illuminate\Database\Eloquent\Relations\BelongsToMany::withoutAppends() in D:\OSPanel\domains\vi-prod\vendor\illuminate\support\Traits\ForwardsCalls.php:71
2025-12-23 20:29:08 - Blade Error: Call to undefined method app\model\ProductWithoutAppends::orderItems() in D:\OSPanel\domains\vi-prod\vendor\illuminate\support\Traits\ForwardsCalls.php:71
2025-12-23 20:29:55 - Blade Error: SQLSTATE[42S02]: Base table or view not found: 1146 Table 'vitex_test_3.product_without_appends' doesn't exist (SQL: select `products`.`id`, `products`.`1s_id`, `order_product`.`order_id` as `pivot_order_id`, `order_product`.`product_id` as `pivot_product_id` from `product_without_appends` inner join `order_product` on `product_without_appends`.`1s_id` = `order_product`.`product_id` where `order_product`.`order_id` in (77) and exists (select * from `orderitems` inner join `order_product` on `order_product`.`id` = `orderitems`.`order_product_id` where `product_without_appends`.`1s_id` = `order_product`.`product_id` and `count` > 0 and exists (select * from `product_unit` where `orderitems`.`product_unit_id` = `product_unit`.`id` and exists (select * from `units` where `product_unit`.`unit_id` = `units`.`id`)) and `orderitems`.`deleted_at` is null and `order_product`.`deleted_at` is null) and `product_without_appends`.`deleted_at` is null) in D:\OSPanel\domains\vi-prod\vendor\illuminate\database\Connection.php:712
2025-12-23 20:34:29 - Blade Error: Circular dependency detected while trying to resolve entry 'orderItemsCount': Dependencies: orderItemsCount -> orderItemsCount in D:\OSPanel\domains\vi-prod\vendor\php-di\php-di\src\CompiledContainer.php:50
2025-12-23 20:35:36 - Blade Error: Circular dependency detected while trying to resolve entry 'orderItemsCount': Dependencies: orderItemsCount -> orderItemsCount in D:\OSPanel\domains\vi-prod\vendor\php-di\php-di\src\CompiledContainer.php:50
2025-12-23 20:35:44 - Blade Error: Call to undefined method Illuminate\Database\Eloquent\Relations\BelongsToMany::withoutPivot() in D:\OSPanel\domains\vi-prod\vendor\illuminate\support\Traits\ForwardsCalls.php:71
2025-12-23 20:36:32 - Blade Error: Circular dependency detected while trying to resolve entry 'orderItemsCount': Dependencies: orderItemsCount -> orderItemsCount in D:\OSPanel\domains\vi-prod\vendor\php-di\php-di\src\CompiledContainer.php:50
2025-12-23 20:36:59 - Blade Error: Circular dependency detected while trying to resolve entry 'orderItemsCount': Dependencies: orderItemsCount -> orderItemsCount in D:\OSPanel\domains\vi-prod\vendor\php-di\php-di\src\CompiledContainer.php:50
2025-12-23 20:38:43 - Blade Error: Circular dependency detected while trying to resolve entry 'orderItemsCount': Dependencies: orderItemsCount -> orderItemsCount in D:\OSPanel\domains\vi-prod\vendor\php-di\php-di\src\CompiledContainer.php:50
2025-12-23 20:38:50 - Blade Error: Call to undefined relationship [productsWithoutAppends as products] on model [app\model\Order]. in D:\OSPanel\domains\vi-prod\vendor\illuminate\database\Eloquent\RelationNotFoundException.php:35
2025-12-23 20:39:14 - Blade Error: Call to undefined relationship [productsWithoutAppends as prods] on model [app\model\Order]. in D:\OSPanel\domains\vi-prod\vendor\illuminate\database\Eloquent\RelationNotFoundException.php:35
2025-12-23 20:39:32 - Blade Error: Call to undefined relationship [productsWithoutAppends as prods] on model [app\model\Order]. in D:\OSPanel\domains\vi-prod\vendor\illuminate\database\Eloquent\RelationNotFoundException.php:35
2025-12-27 16:24:04 - Blade Error: Template not found: D:\OSPanel\domains\vi-prod\app\blade\views/admin.components.catalog_item.withTabs in D:\OSPanel\domains\vi-prod\vendor\eftec\bladeone\lib\BladeOne.php:1433
2025-12-27 16:24:15 - Blade Error: Template not found: D:\OSPanel\domains\vi-prod\app\blade\views/admin.components.catalog_item.withTabs in D:\OSPanel\domains\vi-prod\vendor\eftec\bladeone\lib\BladeOne.php:1433
2025-12-27 16:24:31 - Blade Error: Template not found: D:\OSPanel\domains\vi-prod\app\blade\views/admin.components.catalog_item.withTabs in D:\OSPanel\domains\vi-prod\vendor\eftec\bladeone\lib\BladeOne.php:1433
2025-12-27 16:44:56 - Blade Error: Template not found: D:\OSPanel\domains\vi-prod\app\blade\views/admin.components.catalog_item.withTabs in D:\OSPanel\domains\vi-prod\vendor\eftec\bladeone\lib\BladeOne.php:1433
2025-12-27 16:46:05 - Blade Error: Template not found: D:\OSPanel\domains\vi-prod\app\blade\views/admin.components.catalog_item.withTabs in D:\OSPanel\domains\vi-prod\vendor\eftec\bladeone\lib\BladeOne.php:1433
2025-12-27 16:48:03 - Blade Error: Template not found: D:\OSPanel\domains\vi-prod\app\blade\views/admin.components.catalog_item.withTabs in D:\OSPanel\domains\vi-prod\vendor\eftec\bladeone\lib\BladeOne.php:1433
2025-12-27 16:48:09 - Blade Error: Template not found: D:\OSPanel\domains\vi-prod\app\blade\views/admin.components.catalog_item.withTabs in D:\OSPanel\domains\vi-prod\vendor\eftec\bladeone\lib\BladeOne.php:1433
2025-12-27 16:48:21 - Blade Error: Template not found: D:\OSPanel\domains\vi-prod\app\blade\views/admin.components.catalog_item.withTabs in D:\OSPanel\domains\vi-prod\vendor\eftec\bladeone\lib\BladeOne.php:1433
2025-12-27 16:48:44 - Blade Error: Template not found: D:\OSPanel\domains\vi-prod\app\blade\views/admin.components.catalog_item.withTabs in D:\OSPanel\domains\vi-prod\vendor\eftec\bladeone\lib\BladeOne.php:1433
2025-12-27 16:49:00 - Blade Error: Template not found: D:\OSPanel\domains\vi-prod\app\blade\views/admin.components.catalog_item.withTabs in D:\OSPanel\domains\vi-prod\vendor\eftec\bladeone\lib\BladeOne.php:1433
2025-12-27 16:49:25 - Blade Error: Template not found: D:\OSPanel\domains\vi-prod\app\blade\views/admin.components.catalog_item.withTabs in D:\OSPanel\domains\vi-prod\vendor\eftec\bladeone\lib\BladeOne.php:1433
2025-12-27 16:51:21 - Blade Error: Template not found: D:\OSPanel\domains\vi-prod\app\blade\views/admin.components.catalog_item.withTabs in D:\OSPanel\domains\vi-prod\vendor\eftec\bladeone\lib\BladeOne.php:1433
2025-12-27 16:52:27 - Blade Error: Template not found: D:\OSPanel\domains\vi-prod\app\blade\views/admin.components.catalog_item.withTabs in D:\OSPanel\domains\vi-prod\vendor\eftec\bladeone\lib\BladeOne.php:1433
2025-12-27 16:53:05 - Blade Error: Template not found: D:\OSPanel\domains\vi-prod\app\blade\views/admin.components.catalog_item.withTabs in D:\OSPanel\domains\vi-prod\vendor\eftec\bladeone\lib\BladeOne.php:1433
2025-12-27 16:53:49 - Blade Error: Template not found: D:\OSPanel\domains\vi-prod\app\blade\views/admin.components.catalog_item.withTabs in D:\OSPanel\domains\vi-prod\vendor\eftec\bladeone\lib\BladeOne.php:1433
